// Vitest Snapshot v1, https://vitest.dev/guide/snapshot.html

exports[`config migrations > migrate config v0 to latest version 1`] = `
{
  "cache": {
    "ignoreCase": true,
  },
  "history": {
    "enabled": true,
  },
  "fixedSourceLanguage": null,
  "language": "en",
  "llmTranslator": {
    "apiKey": "",
    "apiUrl": "https://api.openai.com/v1/chat/completions",
    "model": "gpt-4o-mini",
    "prompt": "You are a precise translator. Translate the given text from language code "{from}" to language code "{to}". Return ONLY the direct translation without quotes, explanations, or introductory text.",
  },
    "popup": {
    "rememberLastTab": true,
  },
    "scheduler": {
    "chunkSizeForInstantTranslate": null,
    "directTranslateLength": null,
    "isAllowDirectTranslateBadChunks": true,
    "translatePoolDelay": 300,
    "translateRetryAttemptLimit": 2,
    "useCache": true,
  },
  "selectTranslator": {
    "detectedLangFirst": true,
    "disableWhileTranslatePage": false,
    "enabled": true,
    "focusOnTranslateButton": false,
    "isUseAutoForDetectLang": true,
    "mode": "quickTranslate",
    "modifiers": [],
    "opacity": 1,
    "rememberDirection": false,
    "showOnceForSelection": true,
    "showOriginalText": true,
    "strictSelection": false,
    "timeoutForHideButton": 3000,
    "zIndex": 999999,
  },
  "textTranslator": {
    "rememberText": true,
    "spellCheck": true,
    "suggestLanguage": true,
    "suggestLanguageAlways": true,
  },
  "translatorModule": "MicrosoftTranslator",
  "ttsModule": "google",
}
`;

exports[`config migrations > race condition detection > Detection race conditions. Attempt #1 1`] = `
{
  "cache": {
    "ignoreCase": true,
  },
  "history": {
    "enabled": true,
  },
  "fixedSourceLanguage": null,
  "language": "en",
  "llmTranslator": {
    "apiKey": "",
    "apiUrl": "https://api.openai.com/v1/chat/completions",
    "model": "gpt-4o-mini",
    "prompt": "You are a precise translator. Translate the given text from language code "{from}" to language code "{to}". Return ONLY the direct translation without quotes, explanations, or introductory text.",
  },
    "popup": {
    "rememberLastTab": true,
  },
    "scheduler": {
    "chunkSizeForInstantTranslate": null,
    "directTranslateLength": null,
    "isAllowDirectTranslateBadChunks": true,
    "translatePoolDelay": 300,
    "translateRetryAttemptLimit": 2,
    "useCache": true,
  },
  "selectTranslator": {
    "detectedLangFirst": true,
    "disableWhileTranslatePage": false,
    "enabled": true,
    "focusOnTranslateButton": false,
    "isUseAutoForDetectLang": true,
    "mode": "quickTranslate",
    "modifiers": [],
    "opacity": 1,
    "rememberDirection": false,
    "showOnceForSelection": true,
    "showOriginalText": true,
    "strictSelection": false,
    "timeoutForHideButton": 3000,
    "zIndex": 999999,
  },
  "textTranslator": {
    "rememberText": true,
    "spellCheck": true,
    "suggestLanguage": true,
    "suggestLanguageAlways": true,
  },
  "translatorModule": "MicrosoftTranslator",
  "ttsModule": "google",
}
`;

exports[`config migrations > race condition detection > Detection race conditions. Attempt #2 1`] = `
{
  "cache": {
    "ignoreCase": true,
  },
  "history": {
    "enabled": true,
  },
  "fixedSourceLanguage": null,
  "language": "en",
  "llmTranslator": {
    "apiKey": "",
    "apiUrl": "https://api.openai.com/v1/chat/completions",
    "model": "gpt-4o-mini",
    "prompt": "You are a precise translator. Translate the given text from language code "{from}" to language code "{to}". Return ONLY the direct translation without quotes, explanations, or introductory text.",
  },
    "popup": {
    "rememberLastTab": true,
  },
    "scheduler": {
    "chunkSizeForInstantTranslate": null,
    "directTranslateLength": null,
    "isAllowDirectTranslateBadChunks": true,
    "translatePoolDelay": 300,
    "translateRetryAttemptLimit": 2,
    "useCache": true,
  },
  "selectTranslator": {
    "detectedLangFirst": true,
    "disableWhileTranslatePage": false,
    "enabled": true,
    "focusOnTranslateButton": false,
    "isUseAutoForDetectLang": true,
    "mode": "quickTranslate",
    "modifiers": [],
    "opacity": 1,
    "rememberDirection": false,
    "showOnceForSelection": true,
    "showOriginalText": true,
    "strictSelection": false,
    "timeoutForHideButton": 3000,
    "zIndex": 999999,
  },
  "textTranslator": {
    "rememberText": true,
    "spellCheck": true,
    "suggestLanguage": true,
    "suggestLanguageAlways": true,
  },
  "translatorModule": "MicrosoftTranslator",
  "ttsModule": "google",
}
`;

exports[`config migrations > race condition detection > Detection race conditions. Attempt #3 1`] = `
{
  "cache": {
    "ignoreCase": true,
  },
  "history": {
    "enabled": true,
  },
  "fixedSourceLanguage": null,
  "language": "en",
  "llmTranslator": {
    "apiKey": "",
    "apiUrl": "https://api.openai.com/v1/chat/completions",
    "model": "gpt-4o-mini",
    "prompt": "You are a precise translator. Translate the given text from language code "{from}" to language code "{to}". Return ONLY the direct translation without quotes, explanations, or introductory text.",
  },
    "popup": {
    "rememberLastTab": true,
  },
    "scheduler": {
    "chunkSizeForInstantTranslate": null,
    "directTranslateLength": null,
    "isAllowDirectTranslateBadChunks": true,
    "translatePoolDelay": 300,
    "translateRetryAttemptLimit": 2,
    "useCache": true,
  },
  "selectTranslator": {
    "detectedLangFirst": true,
    "disableWhileTranslatePage": false,
    "enabled": true,
    "focusOnTranslateButton": false,
    "isUseAutoForDetectLang": true,
    "mode": "quickTranslate",
    "modifiers": [],
    "opacity": 1,
    "rememberDirection": false,
    "showOnceForSelection": true,
    "showOriginalText": true,
    "strictSelection": false,
    "timeoutForHideButton": 3000,
    "zIndex": 999999,
  },
  "textTranslator": {
    "rememberText": true,
    "spellCheck": true,
    "suggestLanguage": true,
    "suggestLanguageAlways": true,
  },
  "translatorModule": "MicrosoftTranslator",
  "ttsModule": "google",
}
`;

exports[`config migrations > race condition detection > Detection race conditions. Attempt #4 1`] = `
{
  "cache": {
    "ignoreCase": true,
  },
  "history": {
    "enabled": true,
  },
  "fixedSourceLanguage": null,
  "language": "en",
  "llmTranslator": {
    "apiKey": "",
    "apiUrl": "https://api.openai.com/v1/chat/completions",
    "model": "gpt-4o-mini",
    "prompt": "You are a precise translator. Translate the given text from language code "{from}" to language code "{to}". Return ONLY the direct translation without quotes, explanations, or introductory text.",
  },
    "popup": {
    "rememberLastTab": true,
  },
    "scheduler": {
    "chunkSizeForInstantTranslate": null,
    "directTranslateLength": null,
    "isAllowDirectTranslateBadChunks": true,
    "translatePoolDelay": 300,
    "translateRetryAttemptLimit": 2,
    "useCache": true,
  },
  "selectTranslator": {
    "detectedLangFirst": true,
    "disableWhileTranslatePage": false,
    "enabled": true,
    "focusOnTranslateButton": false,
    "isUseAutoForDetectLang": true,
    "mode": "quickTranslate",
    "modifiers": [],
    "opacity": 1,
    "rememberDirection": false,
    "showOnceForSelection": true,
    "showOriginalText": true,
    "strictSelection": false,
    "timeoutForHideButton": 3000,
    "zIndex": 999999,
  },
  "textTranslator": {
    "rememberText": true,
    "spellCheck": true,
    "suggestLanguage": true,
    "suggestLanguageAlways": true,
  },
  "translatorModule": "MicrosoftTranslator",
  "ttsModule": "google",
}
`;

exports[`config migrations > race condition detection > Detection race conditions. Attempt #5 1`] = `
{
  "cache": {
    "ignoreCase": true,
  },
  "history": {
    "enabled": true,
  },
  "fixedSourceLanguage": null,
  "language": "en",
  "llmTranslator": {
    "apiKey": "",
    "apiUrl": "https://api.openai.com/v1/chat/completions",
    "model": "gpt-4o-mini",
    "prompt": "You are a precise translator. Translate the given text from language code "{from}" to language code "{to}". Return ONLY the direct translation without quotes, explanations, or introductory text.",
  },
    "popup": {
    "rememberLastTab": true,
  },
    "scheduler": {
    "chunkSizeForInstantTranslate": null,
    "directTranslateLength": null,
    "isAllowDirectTranslateBadChunks": true,
    "translatePoolDelay": 300,
    "translateRetryAttemptLimit": 2,
    "useCache": true,
  },
  "selectTranslator": {
    "detectedLangFirst": true,
    "disableWhileTranslatePage": false,
    "enabled": true,
    "focusOnTranslateButton": false,
    "isUseAutoForDetectLang": true,
    "mode": "quickTranslate",
    "modifiers": [],
    "opacity": 1,
    "rememberDirection": false,
    "showOnceForSelection": true,
    "showOriginalText": true,
    "strictSelection": false,
    "timeoutForHideButton": 3000,
    "zIndex": 999999,
  },
  "textTranslator": {
    "rememberText": true,
    "spellCheck": true,
    "suggestLanguage": true,
    "suggestLanguageAlways": true,
  },
  "translatorModule": "MicrosoftTranslator",
  "ttsModule": "google",
}
`;
